// Jest Snapshot v1, https://goo.gl/fbAQLP

exports[`Index GET /  gets correct index api response 1`] = `"Koa API!"`;
